
   FAIL  Tests\Feature\LoginTest
  Γ¿» login pageΓÇª 0.92s  
  Γ£ô user can lΓÇª 1.11s  
  Γ£ô user cannoΓÇª 0.65s  
  ΓöÇΓöÇΓöÇΓöÇΓöÇΓöÇΓöÇΓöÇΓöÇΓöÇΓöÇΓöÇΓöÇΓöÇΓöÇΓöÇΓöÇΓöÇΓöÇ  
   FAILED  Tests\Feature\LoginTest > login page renders  RouteNotFoundException   
  Route [login] not defined.

  at vendor\laravel\framework\src\Illuminate\Routing\UrlGenerator.php:526
    522Γûò             ! is_null($url = call_user_func($this->missingNamedRouteResolver, $name, $parameters, $absolute))) {
    523Γûò             return $url;
    524Γûò         }
    525Γûò 
  Γ₧£ 526Γûò         throw new RouteNotFoundException("Route [{$name}] not defined.");
    527Γûò     }
    528Γûò 
    529Γûò     /**
    530Γûò      * Get the URL for a given route instance.

  1   vendor\laravel\framework\src\Illuminate\Routing\UrlGenerator.php:526
  2   vendor\laravel\framework\src\Illuminate\Foundation\helpers.php:871


  Tests:    1 failed, 2 passed (9 assertions)
  Duration: 3.30s

